Requirement already satisfied: pip in .\.venv\Lib\site-packages (26.1.1)
Collecting pip
  Downloading pip-26.2-py3-none-any.whl.metadata (4.6 kB)
Downloading pip-26.2-py3-none-any.whl (1.8 MB)
   ---------------------------------------- 1.8/1.8 MB 2.1 MB/s  0:00:01
Installing collected packages: pip
  Attempting uninstall: pip
    Found existing installation: pip 26.1.1
    Uninstalling pip-26.1.1:
      Successfully uninstalled pip-26.1.1
Successfully installed pip-26.2
Collecting edge-tts
  Using cached edge_tts-7.2.8-py3-none-any.whl.metadata (5.5 kB)
Requirement already satisfied: aiohttp<4.0.0,>=3.8.0 in C:\Users\moham\AppData\Roaming\Python\Python314\site-packages (from edge-tts) (3.13.5)
Requirement already satisfied: certifi>=2023.11.17 in C:\Users\moham\AppData\Roaming\Python\Python314\site-packages (from edge-tts) (2026.5.20)
Collecting tabulate<1.0.0,>=0.4.4 (from edge-tts)
  Using cached tabulate-0.10.0-py3-none-any.whl.metadata (40 kB)
Requirement already satisfied: typing-extensions<5.0.0,>=4.1.0 in C:\Users\moham\AppData\Roaming\Python\Python314\site-packages (from edge-tts) (4.15.0)
Requirement already satisfied: aiohappyeyeballs>=2.5.0 in C:\Users\moham\AppData\Roaming\Python\Python314\site-packages (from aiohttp<4.0.0,>=3.8.0->edge-tts) (2.6.2)
Requirement already satisfied: aiosignal>=1.4.0 in C:\Users\moham\AppData\Roaming\Python\Python314\site-packages (from aiohttp<4.0.0,>=3.8.0->edge-tts) (1.4.0)
Requirement already satisfied: attrs>=17.3.0 in C:\Users\moham\AppData\Roaming\Python\Python314\site-packages (from aiohttp<4.0.0,>=3.8.0->edge-tts) (26.1.0)
Requirement already satisfied: frozenlist>=1.1.1 in C:\Users\moham\AppData\Roaming\Python\Python314\site-packages (from aiohttp<4.0.0,>=3.8.0->edge-tts) (1.8.0)
Requirement already satisfied: multidict<7.0,>=4.5 in C:\Users\moham\AppData\Roaming\Python\Python314\site-packages (from aiohttp<4.0.0,>=3.8.0->edge-tts) (6.7.1)
Requirement already satisfied: propcache>=0.2.0 in C:\Users\moham\AppData\Roaming\Python\Python314\site-packages (from aiohttp<4.0.0,>=3.8.0->edge-tts) (0.5.2)
Requirement already satisfied: yarl<2.0,>=1.17.0 in C:\Users\moham\AppData\Roaming\Python\Python314\site-packages (from aiohttp<4.0.0,>=3.8.0->edge-tts) (1.24.2)
Requirement already satisfied: idna>=2.0 in C:\Users\moham\AppData\Roaming\Python\Python314\site-packages (from yarl<2.0,>=1.17.0->aiohttp<4.0.0,>=3.8.0->edge-tts) (3.16)
Using cached edge_tts-7.2.8-py3-none-any.whl (31 kB)
Using cached tabulate-0.10.0-py3-none-any.whl (39 kB)
Installing collected packages: tabulate, edge-tts

Successfully installed edge-tts-7.2.8 tabulate-0.10.0
